root@srv1027249:~# npm run build
npm error code ENOENT
npm error syscall open
npm error path /root/package.json
npm error errno -2
npm error enoent Could not read package.json: Error: ENOENT: no such file or directory, open '/root/package.json'
npm error enoent This is related to npm not being able to find a file.
npm error enoent
npm error A complete log of this run can be found in: /root/.npm/_logs/2025-10-18T06_03_02_586Z-debug-0.log
root@srv1027249:~# sudo nano /etc/nginx/sites-available/mapestate.net
root@srv1027249:~# root /root/dailynewscrypto.net/dist;
Command 'root' not found, did you mean:
  command 'rott' from deb rott (20230810-1)
  command 'proot' from deb proot (5.1.0-1.3)
  command 'rootv' from deb xawtv (3.107-1.1)
  command 'toot' from deb toot (0.39.0-1)
  command 'foot' from deb foot (1.16.2-2ubuntu0.1)
Try: apt install <deb name>
root@srv1027249:~# root /var/www/mapestate.net;
Command 'root' not found, did you mean:
  command 'rootv' from deb xawtv (3.107-1.1)
  command 'foot' from deb foot (1.16.2-2ubuntu0.1)
  command 'proot' from deb proot (5.1.0-1.3)
  command 'toot' from deb toot (0.39.0-1)
  command 'rott' from deb rott (20230810-1)
Try: apt install <deb name>
root@srv1027249:~# sudo nginx -t
sudo systemctl reload nginx
nginx: the configuration file /etc/nginx/nginx.conf syntax is ok
nginx: configuration file /etc/nginx/nginx.conf test is successful
root@srv1027249:~# # Install PM2 globally
npm install -g pm2

# Create a .env file with your MySQL credentials on the VPS
cd /var/www/mapestate.net
nano .env

changed 133 packages in 7s

13 packages are looking for funding
  run `npm fund` for details
root@srv1027249:/var/www/mapestate.net# pm2 start server/index.js --name mapestate
pm2 save
pm2 startup
[PM2][ERROR] Script not found: /var/www/mapestate.net/server/index.js
[PM2] Saving current process list...
[PM2] Successfully saved in /root/.pm2/dump.pm2
[PM2] Init System found: systemd
Platform systemd
Template
[Unit]
Description=PM2 process manager
Documentation=https://pm2.keymetrics.io/
After=network.target

[Service]
Type=forking
User=root
LimitNOFILE=infinity
LimitNPROC=infinity
LimitCORE=infinity
Environment=PATH=/usr/local/sbin:/usr/local/bin:/usr/sbin:/usr/bin:/sbin:/bin:/usr/games:/usr/local/games:/snap/bin:/bin:/usr/local/sbin:/usr/local/bin:/usr/sbin:/usr/bin
Environment=PM2_HOME=/root/.pm2
PIDFile=/root/.pm2/pm2.pid
Restart=on-failure

ExecStart=/usr/lib/node_modules/pm2/bin/pm2 resurrect
ExecReload=/usr/lib/node_modules/pm2/bin/pm2 reload all
ExecStop=/usr/lib/node_modules/pm2/bin/pm2 kill

[Install]
WantedBy=multi-user.target

Target path
/etc/systemd/system/pm2-root.service
Command list
[ 'systemctl enable pm2-root' ]
[PM2] Writing init configuration in /etc/systemd/system/pm2-root.service
[PM2] Making script booting at startup...
[PM2] [-] Executing: systemctl enable pm2-root...
[PM2] [v] Command successfully executed.
+---------------------------------------+
[PM2] Freeze a process list on reboot via:
$ pm2 save

[PM2] Remove init script via:
$ pm2 unstartup systemd
root@srv1027249:/var/www/mapestate.net# cpm2 start server/index.js --name mapestate
pm2 save
pm2 startup
Command 'cpm2' not found, did you mean:
  command 'cpm' from deb cpm (0.32-1.5)
  command 'tpm2' from deb tpm2-tools (5.4-1)
Try: apt install <deb name>
[PM2] Saving current process list...
[PM2] Successfully saved in /root/.pm2/dump.pm2
[PM2] Init System found: systemd
Platform systemd
Template
[Unit]
Description=PM2 process manager
Documentation=https://pm2.keymetrics.io/
After=network.target

[Service]
Type=forking
User=root
LimitNOFILE=infinity
LimitNPROC=infinity
LimitCORE=infinity
Environment=PATH=/usr/local/sbin:/usr/local/bin:/usr/sbin:/usr/bin:/sbin:/bin:/usr/games:/usr/local/games:/snap/bin:/bin:/usr/local/sbin:/usr/local/bin:/usr/sbin:/usr/bin
Environment=PM2_HOME=/root/.pm2
PIDFile=/root/.pm2/pm2.pid
Restart=on-failure

ExecStart=/usr/lib/node_modules/pm2/bin/pm2 resurrect
ExecReload=/usr/lib/node_modules/pm2/bin/pm2 reload all
ExecStop=/usr/lib/node_modules/pm2/bin/pm2 kill

[Install]
WantedBy=multi-user.target

Target path
/etc/systemd/system/pm2-root.service
Command list
[ 'systemctl enable pm2-root' ]
[PM2] Writing init configuration in /etc/systemd/system/pm2-root.service
[PM2] Making script booting at startup...
[PM2] [-] Executing: systemctl enable pm2-root...
[PM2] [v] Command successfully executed.
+---------------------------------------+
[PM2] Freeze a process list on reboot via:
$ pm2 save

[PM2] Remove init script via:
$ pm2 unstartup systemd
root@srv1027249:/var/www/mapestate.net# 