Last login: Sat Sep 27 08:47:00 on console
farman@MacBook-Pro ~ % ls
AndroidStudioProjects
Applications
Creative Cloud Files  Farman_othman@cumail.net 9D291E86658D877E0A495F91@AdobeID
Creative Cloud Files  fayem6faye@gmail.com 3F371D9365F5899F0A495FFA@AdobeID
Creative Cloud Files Personal Account Farmanosman225@gmail.com 373188C35ABDEE3E0A495CF8@AdobeID
Creative Cloud Files fr_ot38@kingtra.pro 6646fc740a8a6e8fa47f77490d7216d29eb5ba6944279e7aea0b4edc5ce1a5a8
Creative Cloud Files koxixi1082@marksia.com 0a963f8cd201e0475da61686d091e4819d28279b748019015ba7dd542c306dba
Creative Cloud Files lioa41845@gmail.com 35e47afec72956ef3abdbe1b193523b37c36d66949a5d248655d59d746adbf14
Creative Cloud Files roottgroup@gmail.com 1fd7f89dc6663dbfe88a7d9fa35a400a98714ace0ed5b965b03542059dbacd72
Creative Cloud Files tohaf72530@mkurg.com 13a56d0f011c8c8c1f956c69f224583102a324d2eb85fad930b4919c140f200f
Creative Cloud Files vipaxi2260@eachart.com 3b77cad299a008f2bed4c27788e456357f4ddd695a62fedd55556321b999621b
Desktop
Documents
Downloads
Library
Movies
Music
OSIF
Pictures
Public
PycharmProjects
farman@MacBook-Pro ~ % cd donloads
cd: no such file or directory: donloads
farman@MacBook-Pro ~ % cd Downloads
farman@MacBook-Pro Downloads % npm run dev

npm error code ENOENT
npm error syscall open
npm error path /Users/farman/Downloads/package.json
npm error errno -2
npm error enoent Could not read package.json: Error: ENOENT: no such file or directory, open '/Users/farman/Downloads/package.json'
npm error enoent This is related to npm not being able to find a file.
npm error enoent
npm error A complete log of this run can be found in: /Users/farman/.npm/_logs/2025-09-27T07_49_02_576Z-debug-0.log
farman@MacBook-Pro Downloads % sudo chown -R $(whoami) $(npm config get prefix)/{lib/node_modules,bin,share}
Password:
farman@MacBook-Pro Downloads % sudo chown -R $(whoami) $(npm config get prefix)/{lib/node_modules,bin,share}
farman@MacBook-Pro Downloads % npm run dev
npm error code ENOENT
npm error syscall open
npm error path /Users/farman/Downloads/package.json
npm error errno -2
npm error enoent Could not read package.json: Error: ENOENT: no such file or directory, open '/Users/farman/Downloads/package.json'
npm error enoent This is related to npm not being able to find a file.
npm error enoent
npm error A complete log of this run can be found in: /Users/farman/.npm/_logs/2025-09-27T07_49_31_386Z-debug-0.log
farman@MacBook-Pro Downloads % brew uninstall --force node
brew install node
Uninstalling node... (2,467 files, 75.0MB)
==> Autoremoving 6 unneeded formulae:
c-ares
libnghttp3
libngtcp2
libuv
simdjson
uvwasi
Uninstalling /opt/homebrew/Cellar/simdjson/3.13.0... (17 files, 5.3MB)
Uninstalling /opt/homebrew/Cellar/libnghttp3/1.11.0... (20 files, 578.7KB)
Uninstalling /opt/homebrew/Cellar/c-ares/1.34.5... (176 files, 1MB)
Uninstalling /opt/homebrew/Cellar/uvwasi/0.0.23... (15 files, 282.2KB)
Uninstalling /opt/homebrew/Cellar/libngtcp2/1.15.1... (21 files, 1.2MB)
Uninstalling /opt/homebrew/Cellar/libuv/1.51.0... (34 files, 1.2MB)
==> Auto-updating Homebrew...
Adjust how often this is run with `$HOMEBREW_AUTO_UPDATE_SECS` or disable with
`$HOMEBREW_NO_AUTO_UPDATE=1`. Hide these hints with `$HOMEBREW_NO_ENV_HINTS=1` (see `man brew`).
==> Auto-updated Homebrew!
Updated 2 taps (homebrew/core and homebrew/cask).
==> New Formulae
atomic_queue: C++14 lock-free queues
doge: Command-line DNS client
fastmcp: Fast, Pythonic way to build MCP servers and clients
jqp: TUI playground to experiment and play with jq
komac: Community Manifest Creator for Windows Package Manager (WinGet)
lazyssh: Terminal-based SSH manager
libcpucycles: Microlibrary for counting CPU cycles
libpq@17: Postgres C API library
lue-reader: Terminal eBook reader with text-to-speech and multi-format support
mcp-atlassian: MCP server for Atlassian tools (Confluence, Jira)
mcp-server-chart: MCP with 25+ @antvis charts for visualization, generation, and analysis
msedit: Simple text editor with clickable interface
nanobot: Build MCP Agents
ni: Selects the right Node package manager based on lockfiles
pgstream: PostgreSQL replication with DDL changes
postgresql@18: Object-relational database system
privatebin-cli: CLI for creating and managing PrivateBin pastes
slack-mcp-server: Powerful MCP Slack Server with multiple transports and smart history fetch logic
swag: Automatically generate RESTful API documentation with Swagger 2.0 for Go
termsvg: Record, share and export your terminal as a animated SVG image
tfstate-lookup: Lookup resource attributes in tfstate
wuppiefuzz: Coverage-guided REST API fuzzer developed on top of LibAFL
zuban: Python language server and type checker, written in Rust

You have 64 outdated formulae installed.

==> Fetching downloads for: pkgconf
==> Downloading https://ghcr.io/v2/homebrew/core/pkgconf/manifests/2.5.1
######################################################################### 100.0%
==> Fetching pkgconf
==> Downloading https://ghcr.io/v2/homebrew/core/pkgconf/blobs/sha256:84f26aae5e
######################################################################### 100.0%
==> Reinstalling pkgconf 
==> Pouring pkgconf--2.5.1.arm64_tahoe.bottle.tar.gz
🍺  /opt/homebrew/Cellar/pkgconf/2.5.1: 28 files, 519.7KB
==> Reinstalled pkgconf due to macOS version mismatch
==> Fetching downloads for: node
==> Downloading https://ghcr.io/v2/homebrew/core/node/manifests/24.9.0
######################################################################### 100.0%
==> Fetching dependencies for node: c-ares, libnghttp3, libngtcp2, libuv, simdjson and uvwasi
==> Downloading https://ghcr.io/v2/homebrew/core/c-ares/manifests/1.34.5-1
Already downloaded: /Users/farman/Library/Caches/Homebrew/downloads/c52b1c91460667312755a235f78ac192a45bff39befbba6da9aa72a17263c559--c-ares-1.34.5-1.bottle_manifest.json
==> Fetching c-ares
==> Downloading https://ghcr.io/v2/homebrew/core/c-ares/blobs/sha256:f1ea4e3a48f
Already downloaded: /Users/farman/Library/Caches/Homebrew/downloads/41c5e09f09df395a482f6b3619bd3e0ea41553b3aa89c7b92ca3a6a9690ba89e--c-ares--1.34.5.arm64_tahoe.bottle.1.tar.gz
==> Downloading https://ghcr.io/v2/homebrew/core/libnghttp3/manifests/1.12.0
######################################################################### 100.0%
==> Fetching libnghttp3
==> Downloading https://ghcr.io/v2/homebrew/core/libnghttp3/blobs/sha256:e284d35
######################################################################### 100.0%
==> Downloading https://ghcr.io/v2/homebrew/core/libngtcp2/manifests/1.16.0
######################################################################### 100.0%
==> Fetching libngtcp2
==> Downloading https://ghcr.io/v2/homebrew/core/libngtcp2/blobs/sha256:391a4885
######################################################################### 100.0%
==> Downloading https://ghcr.io/v2/homebrew/core/libuv/manifests/1.51.0-1
Already downloaded: /Users/farman/Library/Caches/Homebrew/downloads/3134253b57ab9327739c97027f8b90160da109e06dda0dc4d2d222a6df0ab9b8--libuv-1.51.0-1.bottle_manifest.json
==> Fetching libuv
==> Downloading https://ghcr.io/v2/homebrew/core/libuv/blobs/sha256:4baeae937cc3
Already downloaded: /Users/farman/Library/Caches/Homebrew/downloads/fcffc7c101fd73c870a024fe56f1c332bd14ac0a5ffef6d4252d1cecb294d25c--libuv--1.51.0.arm64_tahoe.bottle.1.tar.gz
==> Downloading https://ghcr.io/v2/homebrew/core/simdjson/manifests/3.13.0
Already downloaded: /Users/farman/Library/Caches/Homebrew/downloads/02c41c3dcd1d6d8e7fa71de0dbc30f47556872481178358c68a85bf79f14457d--simdjson-3.13.0.bottle_manifest.json
==> Fetching simdjson
==> Downloading https://ghcr.io/v2/homebrew/core/simdjson/blobs/sha256:8f0c090b7
Already downloaded: /Users/farman/Library/Caches/Homebrew/downloads/b1d9f7e7e13368b59c1e448007dd405f89a7557ddb6296c5f0fba1f374f26470--simdjson--3.13.0.arm64_tahoe.bottle.tar.gz
==> Downloading https://ghcr.io/v2/homebrew/core/uvwasi/manifests/0.0.23-1
Already downloaded: /Users/farman/Library/Caches/Homebrew/downloads/d9fc39e8e8eb3c4e33b14bafb8f46ce7c30a8814a9d2ff809f4a27525ec96893--uvwasi-0.0.23-1.bottle_manifest.json
==> Fetching uvwasi
==> Downloading https://ghcr.io/v2/homebrew/core/uvwasi/blobs/sha256:c2742f168c4
Already downloaded: /Users/farman/Library/Caches/Homebrew/downloads/f0a0cb4e7a7faddd749c53a6b86d891a775c6e9b7286960d0856b2f98e52e330--uvwasi--0.0.23.arm64_tahoe.bottle.1.tar.gz
==> Fetching node
==> Downloading https://ghcr.io/v2/homebrew/core/node/blobs/sha256:5d2b5410d0816
######################################################################### 100.0%
==> Installing dependencies for node: c-ares, libnghttp3, libngtcp2, libuv, simdjson and uvwasi
==> Installing node dependency: c-ares
==> Downloading https://ghcr.io/v2/homebrew/core/c-ares/manifests/1.34.5-1
Already downloaded: /Users/farman/Library/Caches/Homebrew/downloads/c52b1c91460667312755a235f78ac192a45bff39befbba6da9aa72a17263c559--c-ares-1.34.5-1.bottle_manifest.json
==> Pouring c-ares--1.34.5.arm64_tahoe.bottle.1.tar.gz
🍺  /opt/homebrew/Cellar/c-ares/1.34.5: 176 files, 1MB
==> Installing node dependency: libnghttp3
==> Downloading https://ghcr.io/v2/homebrew/core/libnghttp3/manifests/1.12.0
Already downloaded: /Users/farman/Library/Caches/Homebrew/downloads/870c7405e7536d3964d6a4063f552f6ba7db08a1057381685a9f9c177df71c9f--libnghttp3-1.12.0.bottle_manifest.json
==> Pouring libnghttp3--1.12.0.arm64_tahoe.bottle.tar.gz
🍺  /opt/homebrew/Cellar/libnghttp3/1.12.0: 20 files, 588.2KB
==> Installing node dependency: libngtcp2
==> Downloading https://ghcr.io/v2/homebrew/core/libngtcp2/manifests/1.16.0
Already downloaded: /Users/farman/Library/Caches/Homebrew/downloads/290446528002e942cbf1c2e8a47e708849a12d950e04c3d3a116637d0df3de89--libngtcp2-1.16.0.bottle_manifest.json
==> Pouring libngtcp2--1.16.0.arm64_tahoe.bottle.tar.gz
🍺  /opt/homebrew/Cellar/libngtcp2/1.16.0: 21 files, 1.3MB
==> Installing node dependency: libuv
==> Downloading https://ghcr.io/v2/homebrew/core/libuv/manifests/1.51.0-1
Already downloaded: /Users/farman/Library/Caches/Homebrew/downloads/3134253b57ab9327739c97027f8b90160da109e06dda0dc4d2d222a6df0ab9b8--libuv-1.51.0-1.bottle_manifest.json
==> Pouring libuv--1.51.0.arm64_tahoe.bottle.1.tar.gz
🍺  /opt/homebrew/Cellar/libuv/1.51.0: 34 files, 1.2MB
==> Installing node dependency: simdjson
==> Downloading https://ghcr.io/v2/homebrew/core/simdjson/manifests/3.13.0
Already downloaded: /Users/farman/Library/Caches/Homebrew/downloads/02c41c3dcd1d6d8e7fa71de0dbc30f47556872481178358c68a85bf79f14457d--simdjson-3.13.0.bottle_manifest.json
==> Pouring simdjson--3.13.0.arm64_tahoe.bottle.tar.gz
🍺  /opt/homebrew/Cellar/simdjson/3.13.0: 17 files, 5.3MB
==> Installing node dependency: uvwasi
==> Downloading https://ghcr.io/v2/homebrew/core/uvwasi/manifests/0.0.23-1
Already downloaded: /Users/farman/Library/Caches/Homebrew/downloads/d9fc39e8e8eb3c4e33b14bafb8f46ce7c30a8814a9d2ff809f4a27525ec96893--uvwasi-0.0.23-1.bottle_manifest.json
==> Pouring uvwasi--0.0.23.arm64_tahoe.bottle.1.tar.gz
🍺  /opt/homebrew/Cellar/uvwasi/0.0.23: 15 files, 282.2KB
==> Installing node
==> Pouring node--24.9.0.arm64_tahoe.bottle.tar.gz
🍺  /opt/homebrew/Cellar/node/24.9.0: 2,467 files, 75.1MB
==> Running `brew cleanup node`...
Disable this behaviour by setting `HOMEBREW_NO_INSTALL_CLEANUP=1`.
Hide these hints with `HOMEBREW_NO_ENV_HINTS=1` (see `man brew`).
Removing: /Users/farman/Library/Caches/Homebrew/node_bottle_manifest--24.8.0-1... (23.6KB)
Removing: /Users/farman/Library/Caches/Homebrew/node--24.8.0... (18.6MB)
==> No outdated dependents to upgrade!
farman@MacBook-Pro Downloads % npm run dev

npm error code ENOENT
npm error syscall open
npm error path /Users/farman/Downloads/package.json
npm error errno -2
npm error enoent Could not read package.json: Error: ENOENT: no such file or directory, open '/Users/farman/Downloads/package.json'
npm error enoent This is related to npm not being able to find a file.
npm error enoent
npm error A complete log of this run can be found in: /Users/farman/.npm/_logs/2025-09-27T07_50_20_268Z-debug-0.log
farman@MacBook-Pro Downloads % curl -o- https://raw.githubusercontent.com/nvm-sh/nvm/v0.39.1/install.sh | bash
# Restart terminal, then:
nvm install node
nvm use node
  % Total    % Received % Xferd  Average Speed   Time    Time     Time  Current
                                 Dload  Upload   Total   Spent    Left  Speed
100 15037  100 15037    0     0  28815      0 --:--:-- --:--:-- --:--:-- 28861
=> nvm is already installed in /Users/farman/.nvm, trying to update using git
=> => Compressing and cleaning up git repository

=> nvm source string already in /Users/farman/.zshrc
=> bash_completion source string already in /Users/farman/.zshrc
=> You currently have modules installed globally with `npm`. These will no
=> longer be linked to the active version of Node when you install a new node
=> with `nvm`; and they may (depending on how you construct your `$PATH`)
=> override the binaries of modules installed with `nvm`:

/usr/local/lib
├── corepack@0.20.0
├── eslint@8.45.0
├── firebase-tools@13.0.2
└── react-devtools@4.28.4
=> If you wish to uninstall them at a later point (or re-install them under your
=> `nvm` Nodes), you can remove them from the system Node as follows:

     $ nvm use system
     $ npm uninstall -g a_module

=> Close and reopen your terminal to start using nvm or run the following to use it now:

export NVM_DIR="$HOME/.nvm"
[ -s "$NVM_DIR/nvm.sh" ] && \. "$NVM_DIR/nvm.sh"  # This loads nvm
[ -s "$NVM_DIR/bash_completion" ] && \. "$NVM_DIR/bash_completion"  # This loads nvm bash_completion
zsh: command not found: #
Downloading and installing node v24.9.0...
Downloading https://nodejs.org/dist/v24.9.0/node-v24.9.0-darwin-arm64.tar.xz...
######################################################################### 100.0%
Computing checksum with sha256sum
Checksums matched!
Your user’s .npmrc file (${HOME}/.npmrc)
has a `globalconfig` and/or a `prefix` setting, which are incompatible with nvm.
Run `nvm use --delete-prefix v24.9.0` to unset it.
Your user’s .npmrc file (${HOME}/.npmrc)
has a `globalconfig` and/or a `prefix` setting, which are incompatible with nvm.
Run `nvm use --delete-prefix v24.9.0` to unset it.
farman@MacBook-Pro Downloads % npm run dev
npm error code ENOENT
npm error syscall open
npm error path /Users/farman/Downloads/package.json
npm error errno -2
npm error enoent Could not read package.json: Error: ENOENT: no such file or directory, open '/Users/farman/Downloads/package.json'
npm error enoent This is related to npm not being able to find a file.
npm error enoent
npm error A complete log of this run can be found in: /Users/farman/.npm/_logs/2025-09-27T07_50_48_220Z-debug-0.log
farman@MacBook-Pro Downloads % 
