Welcome to Ubuntu 24.04.3 LTS (GNU/Linux 6.8.0-79-generic x86_64)

 * Documentation:  https://help.ubuntu.com
 * Management:     https://landscape.canonical.com
 * Support:        https://ubuntu.com/pro

 System information as of Sat Oct 18 05:47:23 UTC 2025

  System load:  0.05              Processes:             107
  Usage of /:   8.5% of 47.39GB   Users logged in:       0
  Memory usage: 27%               IPv4 address for eth0: 72.60.134.44
  Swap usage:   0%                IPv6 address for eth0: 2a02:4780:41:695a::1

 * Strictly confined Kubernetes makes edge and IoT secure. Learn how MicroK8s
   just raised the bar for easy, resilient and secure K8s cluster deployment.

   https://ubuntu.com/engage/secure-kubernetes-at-the-edge

Expanded Security Maintenance for Applications is not enabled.

25 updates can be applied immediately.
To see these additional updates run: apt list --upgradable

Enable ESM Apps to receive additional future security updates.
See https://ubuntu.com/esm or run: sudo pro status


1 updates could not be installed automatically. For more details,
see /var/log/unattended-upgrades/unattended-upgrades.log

*** System restart required ***
Last login: Sat Oct 18 05:23:29 2025 from 169.254.0.1
root@srv1027249:~# sudo tail -n 30 /var/log/nginx/error.log
2025/10/18 05:47:01 [crit] 127033#127033: *27 stat() "/root/dailynewscrypto.net/dist/index.html" failed (13: Permission denied), client: 130.193.217.11, server: mapestate.net, request: "GET /en/ HTTP/1.1", host: "mapestate.net"
2025/10/18 05:47:01 [crit] 127033#127033: *27 stat() "/root/dailynewscrypto.net/dist/index.html" failed (13: Permission denied), client: 130.193.217.11, server: mapestate.net, request: "GET /en/ HTTP/1.1", host: "mapestate.net"
2025/10/18 05:47:01 [crit] 127033#127033: *27 stat() "/root/dailynewscrypto.net/dist/index.html" failed (13: Permission denied), client: 130.193.217.11, server: mapestate.net, request: "GET /en/ HTTP/1.1", host: "mapestate.net"
2025/10/18 05:47:01 [crit] 127033#127033: *27 stat() "/root/dailynewscrypto.net/dist/index.html" failed (13: Permission denied), client: 130.193.217.11, server: mapestate.net, request: "GET /en/ HTTP/1.1", host: "mapestate.net"
2025/10/18 05:47:01 [crit] 127033#127033: *27 stat() "/root/dailynewscrypto.net/dist/index.html" failed (13: Permission denied), client: 130.193.217.11, server: mapestate.net, request: "GET /en/ HTTP/1.1", host: "mapestate.net"
2025/10/18 05:47:01 [crit] 127033#127033: *27 stat() "/root/dailynewscrypto.net/dist/index.html" failed (13: Permission denied), client: 130.193.217.11, server: mapestate.net, request: "GET /en/ HTTP/1.1", host: "mapestate.net"
2025/10/18 05:47:01 [error] 127033#127033: *27 rewrite or internal redirection cycle while internally redirecting to "/index.html", client: 130.193.217.11, server: mapestate.net, request: "GET /en/ HTTP/1.1", host: "mapestate.net"
2025/10/18 05:47:01 [crit] 127033#127033: *28 stat() "/root/dailynewscrypto.net/dist/favicon.ico" failed (13: Permission denied), client: 130.193.217.11, server: mapestate.net, request: "GET /favicon.ico HTTP/1.1", host: "mapestate.net", referrer: "https://mapestate.net/en/"
2025/10/18 05:47:01 [crit] 127033#127033: *28 stat() "/root/dailynewscrypto.net/dist/favicon.ico" failed (13: Permission denied), client: 130.193.217.11, server: mapestate.net, request: "GET /favicon.ico HTTP/1.1", host: "mapestate.net", referrer: "https://mapestate.net/en/"
2025/10/18 05:47:01 [crit] 127033#127033: *28 stat() "/root/dailynewscrypto.net/dist/index.html" failed (13: Permission denied), client: 130.193.217.11, server: mapestate.net, request: "GET /favicon.ico HTTP/1.1", host: "mapestate.net", referrer: "https://mapestate.net/en/"
2025/10/18 05:47:01 [crit] 127033#127033: *28 stat() "/root/dailynewscrypto.net/dist/index.html" failed (13: Permission denied), client: 130.193.217.11, server: mapestate.net, request: "GET /favicon.ico HTTP/1.1", host: "mapestate.net", referrer: "https://mapestate.net/en/"
2025/10/18 05:47:01 [crit] 127033#127033: *28 stat() "/root/dailynewscrypto.net/dist/index.html" failed (13: Permission denied), client: 130.193.217.11, server: mapestate.net, request: "GET /favicon.ico HTTP/1.1", host: "mapestate.net", referrer: "https://mapestate.net/en/"
2025/10/18 05:47:01 [crit] 127033#127033: *28 stat() "/root/dailynewscrypto.net/dist/index.html" failed (13: Permission denied), client: 130.193.217.11, server: mapestate.net, request: "GET /favicon.ico HTTP/1.1", host: "mapestate.net", referrer: "https://mapestate.net/en/"
2025/10/18 05:47:01 [crit] 127033#127033: *28 stat() "/root/dailynewscrypto.net/dist/index.html" failed (13: Permission denied), client: 130.193.217.11, server: mapestate.net, request: "GET /favicon.ico HTTP/1.1", host: "mapestate.net", referrer: "https://mapestate.net/en/"
2025/10/18 05:47:01 [crit] 127033#127033: *28 stat() "/root/dailynewscrypto.net/dist/index.html" failed (13: Permission denied), client: 130.193.217.11, server: mapestate.net, request: "GET /favicon.ico HTTP/1.1", host: "mapestate.net", referrer: "https://mapestate.net/en/"
2025/10/18 05:47:01 [crit] 127033#127033: *28 stat() "/root/dailynewscrypto.net/dist/index.html" failed (13: Permission denied), client: 130.193.217.11, server: mapestate.net, request: "GET /favicon.ico HTTP/1.1", host: "mapestate.net", referrer: "https://mapestate.net/en/"
2025/10/18 05:47:01 [crit] 127033#127033: *28 stat() "/root/dailynewscrypto.net/dist/index.html" failed (13: Permission denied), client: 130.193.217.11, server: mapestate.net, request: "GET /favicon.ico HTTP/1.1", host: "mapestate.net", referrer: "https://mapestate.net/en/"
2025/10/18 05:47:01 [crit] 127033#127033: *28 stat() "/root/dailynewscrypto.net/dist/index.html" failed (13: Permission denied), client: 130.193.217.11, server: mapestate.net, request: "GET /favicon.ico HTTP/1.1", host: "mapestate.net", referrer: "https://mapestate.net/en/"
2025/10/18 05:47:01 [crit] 127033#127033: *28 stat() "/root/dailynewscrypto.net/dist/index.html" failed (13: Permission denied), client: 130.193.217.11, server: mapestate.net, request: "GET /favicon.ico HTTP/1.1", host: "mapestate.net", referrer: "https://mapestate.net/en/"
2025/10/18 05:47:01 [crit] 127033#127033: *28 stat() "/root/dailynewscrypto.net/dist/index.html" failed (13: Permission denied), client: 130.193.217.11, server: mapestate.net, request: "GET /favicon.ico HTTP/1.1", host: "mapestate.net", referrer: "https://mapestate.net/en/"
2025/10/18 05:47:01 [crit] 127033#127033: *28 stat() "/root/dailynewscrypto.net/dist/index.html" failed (13: Permission denied), client: 130.193.217.11, server: mapestate.net, request: "GET /favicon.ico HTTP/1.1", host: "mapestate.net", referrer: "https://mapestate.net/en/"
2025/10/18 05:47:01 [crit] 127033#127033: *28 stat() "/root/dailynewscrypto.net/dist/index.html" failed (13: Permission denied), client: 130.193.217.11, server: mapestate.net, request: "GET /favicon.ico HTTP/1.1", host: "mapestate.net", referrer: "https://mapestate.net/en/"
2025/10/18 05:47:01 [crit] 127033#127033: *28 stat() "/root/dailynewscrypto.net/dist/index.html" failed (13: Permission denied), client: 130.193.217.11, server: mapestate.net, request: "GET /favicon.ico HTTP/1.1", host: "mapestate.net", referrer: "https://mapestate.net/en/"
2025/10/18 05:47:01 [crit] 127033#127033: *28 stat() "/root/dailynewscrypto.net/dist/index.html" failed (13: Permission denied), client: 130.193.217.11, server: mapestate.net, request: "GET /favicon.ico HTTP/1.1", host: "mapestate.net", referrer: "https://mapestate.net/en/"
2025/10/18 05:47:01 [crit] 127033#127033: *28 stat() "/root/dailynewscrypto.net/dist/index.html" failed (13: Permission denied), client: 130.193.217.11, server: mapestate.net, request: "GET /favicon.ico HTTP/1.1", host: "mapestate.net", referrer: "https://mapestate.net/en/"
2025/10/18 05:47:01 [crit] 127033#127033: *28 stat() "/root/dailynewscrypto.net/dist/index.html" failed (13: Permission denied), client: 130.193.217.11, server: mapestate.net, request: "GET /favicon.ico HTTP/1.1", host: "mapestate.net", referrer: "https://mapestate.net/en/"
2025/10/18 05:47:01 [crit] 127033#127033: *28 stat() "/root/dailynewscrypto.net/dist/index.html" failed (13: Permission denied), client: 130.193.217.11, server: mapestate.net, request: "GET /favicon.ico HTTP/1.1", host: "mapestate.net", referrer: "https://mapestate.net/en/"
2025/10/18 05:47:01 [crit] 127033#127033: *28 stat() "/root/dailynewscrypto.net/dist/index.html" failed (13: Permission denied), client: 130.193.217.11, server: mapestate.net, request: "GET /favicon.ico HTTP/1.1", host: "mapestate.net", referrer: "https://mapestate.net/en/"
2025/10/18 05:47:01 [crit] 127033#127033: *28 stat() "/root/dailynewscrypto.net/dist/index.html" failed (13: Permission denied), client: 130.193.217.11, server: mapestate.net, request: "GET /favicon.ico HTTP/1.1", host: "mapestate.net", referrer: "https://mapestate.net/en/"
2025/10/18 05:47:01 [error] 127033#127033: *28 rewrite or internal redirection cycle while internally redirecting to "/index.html", client: 130.193.217.11, server: mapestate.net, request: "GET /favicon.ico HTTP/1.1", host: "mapestate.net", referrer: "https://mapestate.net/en/"
root@srv1027249:~# sudo nginx -t
nginx: the configuration file /etc/nginx/nginx.conf syntax is ok
nginx: configuration file /etc/nginx/nginx.conf test is successful
root@srv1027249:~# nginx: configuration file /etc/nginx/nginx.conf test is successful
Command 'nginx:' not found, did you mean:
  command 'nginx' from deb nginx (1.24.0-2ubuntu7.5)
Try: apt install <deb name>
root@srv1027249:~# sudo systemctl restart nginx
sudo systemctl restart php8.2-fpm
Failed to restart php8.2-fpm.service: Unit php8.2-fpm.service not found.
root@srv1027249:~# sudo cat /etc/nginx/sites-available/mapestate.net
server {
    server_name mapestate.net www.mapestate.net;
    root /root/dailynewscrypto.net/dist;
    index index.html;

    # Security headers
    add_header X-Frame-Options "SAMEORIGIN" always;
    add_header X-XSS-Protection "1; mode=block" always;
    add_header X-Content-Type-Options "nosniff" always;

    # Gzip compression
    gzip on;
    gzip_types text/plain text/css application/json application/javascript text/xml application/xml application/xml+rss text/javascript;

    location / {
        try_files $uri $uri/ /index.html;
    }

    # API proxy if you have backend
    location /api/ {
        proxy_pass http://localhost:3000;
        proxy_http_version 1.1;
        proxy_set_header Upgrade $http_upgrade;
        proxy_set_header Connection 'upgrade';
        proxy_set_header Host $host;
        proxy_set_header X-Real-IP $remote_addr;
        proxy_set_header X-Forwarded-For $proxy_add_x_forwarded_for;
        proxy_set_header X-Forwarded-Proto $scheme;
        proxy_cache_bypass $http_upgrade;
    }

    listen 443 ssl; # managed by Certbot
    ssl_certificate /etc/letsencrypt/live/mapestate.net/fullchain.pem; # managed by Certbot
    ssl_certificate_key /etc/letsencrypt/live/mapestate.net/privkey.pem; # managed by Certbot
    include /etc/letsencrypt/options-ssl-nginx.conf; # managed by Certbot
    ssl_dhparam /etc/letsencrypt/ssl-dhparams.pem; # managed by Certbot


}
server {
    if ($host = www.mapestate.net) {
        return 301 https://$host$request_uri;
    } # managed by Certbot


    if ($host = mapestate.net) {
        return 301 https://$host$request_uri;
    } # managed by Certbot


    listen 80;
    server_name mapestate.net www.mapestate.net;
    return 404; # managed by Certbot




root@srv1027249:~# sudo nginx -t
sudo systemctl reload nginx
nginx: the configuration file /etc/nginx/nginx.conf syntax is ok
nginx: configuration file /etc/nginx/nginx.conf test is successful
root@srv1027249:~# root /root/dailynewscrypto.net/dist;
Command 'root' not found, did you mean:
  command 'toot' from deb toot (0.39.0-1)
  command 'proot' from deb proot (5.1.0-1.3)
  command 'rootv' from deb xawtv (3.107-1.1)
  command 'foot' from deb foot (1.16.2-2ubuntu0.1)
  command 'rott' from deb rott (20230810-1)
Try: apt install <deb name>
root@srv1027249:~# sudo mkdir -p /var/www/mapestate.net
sudo mv /root/dailynewscrypto.net/dist/* /var/www/mapestate.net/
sudo chown -R www-data:www-data /var/www/mapestate.net
sudo chmod -R 755 /var/www/mapestate.net
root@srv1027249:~# 