Welcome to Ubuntu 24.04.3 LTS (GNU/Linux 6.8.0-79-generic x86_64)

 * Documentation:  https://help.ubuntu.com
 * Management:     https://landscape.canonical.com
 * Support:        https://ubuntu.com/pro

 System information as of Wed Sep 24 21:10:52 UTC 2025

  System load:  0.06              Processes:             106
  Usage of /:   8.2% of 47.39GB   Users logged in:       0
  Memory usage: 21%               IPv4 address for eth0: 72.60.134.44
  Swap usage:   0%                IPv6 address for eth0: 2a02:4780:41:695a::1

 * Strictly confined Kubernetes makes edge and IoT secure. Learn how MicroK8s
   just raised the bar for easy, resilient and secure K8s cluster deployment.

   https://ubuntu.com/engage/secure-kubernetes-at-the-edge

Expanded Security Maintenance for Applications is not enabled.

0 updates can be applied immediately.

Enable ESM Apps to receive additional future security updates.
See https://ubuntu.com/esm or run: sudo pro status

*** System restart required ***
Last login: Wed Sep 24 20:21:00 2025 from 169.254.0.1
root@srv1027249:~# # Install SSL certificate for your domaincertbot --nginx -d dailynewscrypto.net -d www.dailynewscrypto.net
Command 'certbot' not found, but can be installed with:
snap install certbot  # version 5.0.0, or
apt  install certbot  # version 2.1.0-4
See 'snap info certbot' for additional versions.
root@srv1027249:~# # Check if certificate was installed
certbot certificates

# Test nginx configuration
nginx -t

# Reload nginx
systemctl reload nginx
Command 'certbot' not found, but can be installed with:
snap install certbot  # version 5.0.0, or
apt  install certbot  # version 2.1.0-4
See 'snap info certbot' for additional versions.
nginx: the configuration file /etc/nginx/nginx.conf syntax is ok
nginx: configuration file /etc/nginx/nginx.conf test is successful
root@srv1027249:~# # Test HTTPS locally
curl -I https://dailynewscrypto.net

# Check what's listening on port 443 (HTTPS)
netstat -tuln | grep :443
curl: (7) Failed to connect to dailynewscrypto.net port 443 after 15 ms: Couldn't connect to server
root@srv1027249:~# # Stop nginx temporarily
systemctl stop nginx

# Get certificate in standalone mode
certbot certonly --standalone -d dailynewscrypto.net -d www.dailynewscrypto.net

# Start nginx again
systemctl start nginx
Command 'certbot' not found, but can be installed with:
snap install certbot  # version 5.0.0, or
apt  install certbot  # version 2.1.0-4
See 'snap info certbot' for additional versions.
root@srv1027249:~# # Use the HTTPS-ready nginx config 
cp hostinger-nginx.conf /etc/nginx/sites-available/dailynewscrypto.net
nginx -t
systemctl reload nginx
cp: cannot stat 'hostinger-nginx.conf': No such file or directory
nginx: the configuration file /etc/nginx/nginx.conf syntax is ok
nginx: configuration file /etc/nginx/nginx.conf test is successful
root@srv1027249:~# # Add auto-renewal to crontab
(crontab -l 2>/dev/null; echo "0 12 * * * /usr/bin/certbot renew --quiet") | crontab -

# Test renewal
certbot renew --dry-run
Command 'certbot' not found, but can be installed with:
snap install certbot  # version 5.0.0, or
apt  install certbot  # version 2.1.0-4
See 'snap info certbot' for additional versions.
root@srv1027249:~# # Add auto-renewal to crontab
(crontab -l 2>/dev/null; echo "0 12 * * * /usr/bin/certbot renew --quiet") | crontab -

# Test renewal
certbot renew --dry-run
Command 'certbot' not found, but can be installed with:
snap install certbot  # version 5.0.0, or
apt  install certbot  # version 2.1.0-4
See 'snap info certbot' for additional versions.
root@srv1027249:~# 