Welcome to Ubuntu 24.04.3 LTS (GNU/Linux 6.8.0-79-generic x86_64)

 * Documentation:  https://help.ubuntu.com
 * Management:     https://landscape.canonical.com
 * Support:        https://ubuntu.com/pro

 System information as of Sun Sep 28 14:52:05 UTC 2025

  System load:  0.0               Processes:             106
  Usage of /:   7.8% of 47.39GB   Users logged in:       0
  Memory usage: 23%               IPv4 address for eth0: 72.60.134.44
  Swap usage:   0%                IPv6 address for eth0: 2a02:4780:41:695a::1


Expanded Security Maintenance for Applications is not enabled.

0 updates can be applied immediately.

Enable ESM Apps to receive additional future security updates.
See https://ubuntu.com/esm or run: sudo pro status


1 updates could not be installed automatically. For more details,
see /var/log/unattended-upgrades/unattended-upgrades.log

*** System restart required ***
Last login: Sat Sep 27 21:13:59 2025 from 130.193.198.230
root@srv1027249:~# mysql -u root -p
Enter password: 
Welcome to the MySQL monitor.  Commands end with ; or \g.
Your MySQL connection id is 47
Server version: 8.0.43-0ubuntu0.24.04.2 (Ubuntu)

Copyright (c) 2000, 2025, Oracle and/or its affiliates.

Oracle is a registered trademark of Oracle Corporation and/or its
affiliates. Other names may be trademarks of their respective
owners.

Type 'help;' or '\h' for help. Type '\c' to clear the current input statement.

mysql> -- Allow mapestate user to connect from any IP
mysql> GRANT ALL PRIVILEGES ON mapestate.* TO 'mapestate'@'%' IDENTIFIED BY 'MapEstate2024!';
ERROR 1064 (42000): You have an error in your SQL syntax; check the manual that corresponds to your MySQL server version for the right syntax to use near 'IDENTIFIED BY 'MapEstate2024!'' at line 1
mysql> 
mysql> -- Or specifically allow Replit's IP range (more secure)
mysql> GRANT ALL PRIVILEGES ON mapestate.* TO 'mapestate'@'35.200.247.52' IDENTIFIED BY 'MapEstate2024!';
ERROR 1064 (42000): You have an error in your SQL syntax; check the manual that corresponds to your MySQL server version for the right syntax to use near 'IDENTIFIED BY 'MapEstate2024!'' at line 1
mysql> 
mysql> FLUSH PRIVILEGES;
Query OK, 0 rows affected (0.00 sec)

mysql> 