root@srv1027249:~/dailynewscrypto.net# mysql -h 72.60.134.44 -u mapestate -p
Enter password: 
Welcome to the MySQL monitor.  Commands end with ; or \g.
Your MySQL connection id is 42
Server version: 8.0.43-0ubuntu0.24.04.2 (Ubuntu)

Copyright (c) 2000, 2025, Oracle and/or its affiliates.

Oracle is a registered trademark of Oracle Corporation and/or its
affiliates. Other names may be trademarks of their respective
owners.

Type 'help;' or '\h' for help. Type '\c' to clear the current input statement.

mysql> sudo grep bind-address /etc/mysql/mysql.conf.d/mysqld.cnf
    -> exit
    -> ^C
mysql> exit
Bye
root@srv1027249:~/dailynewscrypto.net# sudo grep bind-address /etc/mysql/mysql.conf.d/mysqld.cnf
bind-address            = 0.0.0.0
mysqlx-bind-address = 0.0.0.0
root@srv1027249:~/dailynewscrypto.net# GRANT ALL PRIVILEGES ON *.* TO 'mapestate'@'%' IDENTIFIED BY 'your_password_here';
FLUSH PRIVILEGES;
GRANT: command not found
FLUSH: command not found
root@srv1027249:~/dailynewscrypto.net# GRANT ALL PRIVILEGES ON *.* TO 'mapestate'@'%' IDENTIFIED BY 'mapestate';
FLUSH PRIVILEGES;
GRANT: command not found
FLUSH: command not found
root@srv1027249:~/dailynewscrypto.net# mysql -h 72.60.134.44 -u mapestate -pEnter password: 
Welcome to the MySQL monitor.  Commands end with ; or \g.
Your MySQL connection id is 43
Server version: 8.0.43-0ubuntu0.24.04.2 (Ubuntu)
Copyright (c) 2000, 2025, Oracle and/or its affiliates.Oracle is a registered trademark of Oracle Corporation and/or its
affiliates. Other names may be trademarks of their respective
owners.

Type 'help;' or '\h' for help. Type '\c' to clear the current input statement.

mysql> GRANT ALL PRIVILEGES ON *.* TO 'mapestate'@'%' IDENTIFIED BY 'mapestate';
ERROR 1064 (42000): You have an error in your SQL syntax; check the manual that corresponds to your MySQL server version for the right syntax to use near 'IDENTIFIED BY 'mapestate'' at line 1
mysql> FLUSH PRIVILEGES;
ERROR 1227 (42000): Access denied; you need (at least one of) the RELOAD privilege(s) for this operation
mysql> GRANT ALL PRIVILEGES ON mapestate.* TO 'mapestate'@'%' IDENTIFIED BY 'mapestate';
ERROR 1064 (42000): You have an error in your SQL syntax; check the manual that corresponds to your MySQL server version for the right syntax to use near 'IDENTIFIED BY 'mapestate'' at line 1
mysql> FLUSH PRIVILEGES;
ERROR 1227 (42000): Access denied; you need (at least one of) the RELOAD privilege(s) for this operation
mysql> EXIT;
Bye
root@srv1027249:~/dailynewscrypto.net# sudo systemctl restart mysql
root@srv1027249:~/dailynewscrypto.net# # Check current firewall status
sudo ufw status

# Allow MySQL port
sudo ufw allow 3306/tcp

# Verify the rule was added
sudo ufw status
Status: active

To                         Action      From
--                         ------      ----
22/tcp                     ALLOW       Anywhere                  
Nginx Full                 ALLOW       Anywhere                  
3306/tcp                   ALLOW       Anywhere                  
22/tcp (v6)                ALLOW       Anywhere (v6)             
Nginx Full (v6)            ALLOW       Anywhere (v6)             
3306/tcp (v6)              ALLOW       Anywhere (v6)             

Skipping adding existing rule
Skipping adding existing rule (v6)
Status: active

To                         Action      From
--                         ------      ----
22/tcp                     ALLOW       Anywhere                  
Nginx Full                 ALLOW       Anywhere                  
3306/tcp                   ALLOW       Anywhere                  
22/tcp (v6)                ALLOW       Anywhere (v6)             
Nginx Full (v6)            ALLOW       Anywhere (v6)             
3306/tcp (v6)              ALLOW       Anywhere (v6)             

root@srv1027249:~/dailynewscrypto.net# mysql -h 72.60.134.44 -u mapestate -p
Enter password: 
ERROR 1045 (28000): Access denied for user 'mapestate'@'72.60.134.44' (using password: YES)
root@srv1027249:~/dailynewscrypto.net# 
root@srv1027249:~/dailynewscrypto.net# mysql -h 72.60.134.44 -u mapestate -p
Enter password: 
ERROR 1045 (28000): Access denied for user 'mapestate'@'72.60.134.44' (using password: YES)
root@srv1027249:~/dailynewscrypto.net# sudo netstat -tuln | grep 3306
tcp        0      0 0.0.0.0:3306            0.0.0.0:*               LISTEN     
tcp        0      0 0.0.0.0:33060           0.0.0.0:*               LISTEN     
root@srv1027249:~/dailynewscrypto.net# mysql -h 72.60.134.44 -u mapestate -p
Enter password: 
Welcome to the MySQL monitor.  Commands end with ; or \g.
Your MySQL connection id is 13
Server version: 8.0.43-0ubuntu0.24.04.2 (Ubuntu)

Copyright (c) 2000, 2025, Oracle and/or its affiliates.

Oracle is a registered trademark of Oracle Corporation and/or its
affiliates. Other names may be trademarks of their respective
owners.

Type 'help;' or '\h' for help. Type '\c' to clear the current input statement.

mysql> sudo mysql -u root -p
    -> exit
    -> exit
    -> ^C
mysql> -- Make sure the database exists
mysql> CREATE DATABASE IF NOT EXISTS mapestate CHARACTER SET utf8mb4 COLLATE utf8mb4_unicode_ci;
Query OK, 1 row affected, 1 warning (0.00 sec)

mysql> 
mysql> -- Clean up any broken users
mysql> DROP USER IF EXISTS 'mapestate'@'%';
ERROR 1227 (42000): Access denied; you need (at least one of) the CREATE USER privilege(s) for this operation
mysql> DROP USER IF EXISTS 'mapestate'@'localhost';
ERROR 1227 (42000): Access denied; you need (at least one of) the CREATE USER privilege(s) for this operation
mysql> DROP USER IF EXISTS 'mapestate'@'72.60.134.44';
ERROR 1227 (42000): Access denied; you need (at least one of) the CREATE USER privilege(s) for this operation
mysql> 
mysql> -- Recreate users
mysql> CREATE USER 'mapestate'@'localhost' IDENTIFIED BY 'mapestate2025';
ERROR 1227 (42000): Access denied; you need (at least one of) the CREATE USER privilege(s) for this operation
mysql> CREATE USER 'mapestate'@'%' IDENTIFIED BY 'mapestate2025';
ERROR 1227 (42000): Access denied; you need (at least one of) the CREATE USER privilege(s) for this operation
mysql> CREATE USER 'mapestate'@'72.60.134.44' IDENTIFIED BY 'mapestate2025';
ERROR 1227 (42000): Access denied; you need (at least one of) the CREATE USER privilege(s) for this operation
mysql> 
mysql> -- Grant privileges
mysql> GRANT ALL PRIVILEGES ON mapestate.* TO 'mapestate'@'localhost';
ERROR 1044 (42000): Access denied for user 'mapestate'@'%' to database 'mapestate'
mysql> GRANT ALL PRIVILEGES ON mapestate.* TO 'mapestate'@'%';
ERROR 1044 (42000): Access denied for user 'mapestate'@'%' to database 'mapestate'
mysql> GRANT ALL PRIVILEGES ON mapestate.* TO 'mapestate'@'72.60.134.44';
ERROR 1044 (42000): Access denied for user 'mapestate'@'%' to database 'mapestate'
mysql> 
mysql> -- Apply changes
mysql> FLUSH PRIVILEGES;
ERROR 1227 (42000): Access denied; you need (at least one of) the RELOAD privilege(s) for this operation
mysql> 
mysql> -- Check if users are there
mysql> SELECT user, host FROM mysql.user WHERE user='mapestate';
ERROR 1142 (42000): SELECT command denied to user 'mapestate'@'72.60.134.44' for table 'user'
mysql> 
mysql> EXIT;
Bye
root@srv1027249:~/dailynewscrypto.net# 
root@srv1027249:~/dailynewscrypto.net# mysql -h 72.60.134.44 -u mapestate -p'mapestate2025' -e "SHOW DATABASES;"
mysql: [Warning] Using a password on the command line interface can be insecure.
ERROR 1045 (28000): Access denied for user 'mapestate'@'72.60.134.44' (using password: YES)
root@srv1027249:~/dailynewscrypto.net# ALTER USER 'mapestate'@'%' IDENTIFIED WITH mysql_native_password BY 'mapestate2025';
ALTER USER 'mapestate'@'72.60.134.44' IDENTIFIED WITH mysql_native_password BY 'mapestate2025';
FLUSH PRIVILEGES;
ALTER: command not found
ALTER: command not found
FLUSH: command not found
root@srv1027249:~/dailynewscrypto.net# mysql -h 72.60.134.44 -u mapestate -pEnter password: 
Welcome to the MySQL monitor.  Commands end with ; or \g.
Your MySQL connection id is 17
Server version: 8.0.43-0ubuntu0.24.04.2 (Ubuntu)

Copyright (c) 2000, 2025, Oracle and/or its affiliates.

Oracle is a registered trademark of Oracle Corporation and/or its
affiliates. Other names may be trademarks of their respective
owners.

Type 'help;' or '\h' for help. Type '\c' to clear the current input statement.

mysql> ALTER USER 'mapestate'@'%' IDENTIFIED WITH mysql_native_password BY 'mapestate2025';
ERROR 1227 (42000): Access denied; you need (at least one of) the CREATE USER privilege(s) for this operation
mysql> ALTER USER 'mapestate'@'72.60.134.44' IDENTIFIED WITH mysql_native_password BY 'mapestate2025';
ERROR 1227 (42000): Access denied; you need (at least one of) the CREATE USER privilege(s) for this operation
mysql> FLUSH PRIVILEGES;
ERROR 1227 (42000): Access denied; you need (at least one of) the RELOAD privilege(s) for this operation
mysql> 
mysql> exit
Bye
root@srv1027249:~/dailynewscrypto.net# mysql -u mapestate -p mapestate
Enter password: 
Welcome to the MySQL monitor.  Commands end with ; or \g.
Your MySQL connection id is 23
Server version: 8.0.43-0ubuntu0.24.04.2 (Ubuntu)

Copyright (c) 2000, 2025, Oracle and/or its affiliates.

Oracle is a registered trademark of Oracle Corporation and/or its
affiliates. Other names may be trademarks of their respective
owners.

Type 'help;' or '\h' for help. Type '\c' to clear the current input statement.

mysql> -- Create users table
mysql> CREATE TABLE IF NOT EXISTS users (
    ->   id VARCHAR(36) PRIMARY KEY,
    ->   username VARCHAR(191) NOT NULL UNIQUE,
    ->   email VARCHAR(320) NOT NULL UNIQUE,
    ->   password TEXT NOT NULL,
    ->   role VARCHAR(20) NOT NULL DEFAULT 'user',
    ->   first_name VARCHAR(100),
    ->   last_name VARCHAR(100),
    ->   phone VARCHAR(20),
    ->   avatar TEXT,
    ->   is_verified BOOLEAN DEFAULT FALSE,
    ->   wave_balance INT DEFAULT 10,
    ->   expires_at TIMESTAMP NULL,
    ->   is_expired BOOLEAN DEFAULT FALSE,
    ->   created_at TIMESTAMP DEFAULT CURRENT_TIMESTAMP
    ->  UNIQUE KEY unique_user_property_favorite (user_id, property_id)
);

-- Create search_history table
CREATE TABLE IF NOT EXISTS search_history (
  id VARCHAR(36) PRIMARY KEY,
  user_id VARCHAR(36),
  query TEXT NOT NULL,
  results INT DEFAULT 0,
  created_at TIMESTAMP DEFAULT CURRENT_TIMESTAMP,
  FOREIGN KEY (user_id) REFERENCES users(id)
);

-- Create search_filters table
CREATE TABLE IF NOT EXISTS search_filters (
  id INT PRIMARY KEY AUTO_INCREMENT,
  search_id VARCHAR(36) NOT NULL,
  filter_key VARC);
Query OK, 0 rows affected (0.01 sec)

mysql> 
mysql> -- Create user_languages table
mysql> CREATE TABLE IF NOT EXISTS user_languages (
    ->   id INT PRIMARY KEY AUTO_INCREMENT,
    ->   user_id VARCHAR(36) NOT NULL,
    ->   language VARCHAR(3) NOT NULL,
    ->   created_at TIMESTAMP DEFAULT CURRENT_TIMESTAMP,
    ->   FOREIGN KEY (user_id) REFERENCES users(id) ON DELETE CASCADE,
    ->   UNIQUE KEY unique_user_language (user_id, language)
    -> );
Query OK, 0 rows affected (0.01 sec)

mysql> 
mysql> -- Create waves table
mysql> CREATE TABLE IF NOT EXISTS waves (
    ->   id VARCHAR(36) PRIMARY KEY,
    ->   name VARCHAR(200) NOT NULL,
    ->   description TEXT,
    ->   color VARCHAR(7) DEFAULT '#3B82F6',
    ->   is_active BOOLEAN DEFAULT TRUE,
    ->   created_by VARCHAR(36),
    ->   created_at TIMESTAMP DEFAULT CURRENT_TIMESTAMP,
    ->   updated_at TIMESTAMP DEFAULT CURRENT_TIMESTAMP ON UPDATE CURRENT_TIMESTAMP,
    ->   FOREIGN KEY (created_by) REFERENCES users(id)
    -> );
LL,
  metadata_key VARCHAR(50) NOT NULL,
  metQuery OK, 0 rows affected (0.01 sec)

mysql> 
mysql> -- Create properties table
mysql> CREATE TABLE IF NOT EXISTS properties (
    ->   id VARCHAR(36) PRIMARY KEY,
    ->   title TEXT NOT NULL,
    ->   description TEXT,
    ->   type VARCHAR(50) NOT NULL,
    ->   listing_type VARCHAR(20) NOT NULL,
    ->   price DECIMAL(12, 2) NOT NULL,
    ->   currency VARCHAR(3) DEFAULT 'USD',
    ->   bedrooms INT,
    ->   bathrooms INT,
    ->   area INT,
    ->   address TEXT NOT NULL,
    ->   city VARCHAR(100) NOT NULL,
    ->   country VARCHAR(100) NOT NULL,
ARCHAR(20) DEFAULT 'Bronze',
  points_this_month INT DEFAULT 0,
      ->   latitude DECIMAL(10, 8),
    ->   longitude DECIMAL(11, 8),
    ->   status VARCHAR(16) DEFAULT 'active',
IMESTAMP,
  updated_at TIMESTAMP DEFAULT CURRENT_TIME    ->   language VARCHAR(3) NOT NULL DEFAULT 'en',
    ->   agent_id VARCHAR(36),
    ->   contact_phone VARCHAR(20),
    ->   wave_id VARCHAR(36),
    ->   views INT DEFAULT 0,
    ->   is_featured BOOLEAN DEFAULT FALSE,
    ->   slug VARCHAR(255) UNIQUE,
    ->   created_at TIMESTAMP DEFAULT CURRENT_TIMESTAMP,
    ->   updated_at TIMESTAMP DEFAULT CURRENT_TIMESTAMP ON UPDATE CURRENT_TIMESTAMP,
    ->   FOREIGN KEY (agent_id) REFERENCES users(id),
    ->   FOREIGN KEY (wave_id) REFERENCES waves(id)
    -> );
Query OK, 0 rows affected (0.01 sec)

mysql> 
mysql> -- Create property_images table
mysql> CREATE TABLE IF NOT EXISTS property_images (
    ->   id INT PRIMARY KEY AUTO_INCREMENT,
    ->   property_id VARCHAR(36) NOT NULL,
    ->   image_url TEXT NOT NULL,
    ->   sort_order INT DEFAULT 0,
    ->   alt_text VARCHAR(255),
    ->   created_at TIMESTAMP DEFAULT CURRENT_TIMESTAMP,
    ->   FOREIGN KEY (property_id) REFERENCES properties(id) ON DELETE CASCADE
    -> );
MESTAMP DEFAULT CURRENT_TIMESTAMP,
  updated_at TIMESTAMP DEFAULT CURRENT_TIMESTAMP ON UPDATE CURRENT_TIMESTAMP,
  FOREIGN KEY (set_by) REFERENCES users(id)
);

-- Create client_locations table
CREATE TABLE IF NOT EXISTS client_locations (
  id VARCHAR(36) PRIMARY KEY,
  user_id VARCHAR(36),
  latitude DECIMAL(10, 8) NOT NULL,
  longitude DECIMAL(11, 8) Query OK, 0 rows affected (0.01 sec)

mysql> 
mysql> -- Create property_amenities table
mysql> CREATE TABLE IF NOT EXISTS property_amenities (
    ->   id INT PRIMARY KEY AUTO_INCREMENT,
    ->   property_id VARCHAR(36) NOT NULL,
    ->   amenity VARCHAR(100) NOT NULL,
    ->   created_at TIMESTAMP DEFAULT CURRENT_TIMESTAMP,
    ->   FOREIGN KEY (property_id) REFERENCES properties(id) ON DELETE CASCADE,
    ->   UNIQUE KEY unique_property_amenity (property_id, amenity)
    -> );
tus VARCHAR(20),
  city VARCHAR(100),
  country VARCHAR(100),
  created_at TIMESTAMP DEFAULT CURRENT_TIMESTAMP,
  FOREIGN KEY (user_id) REFERENCES users(id)
);

-- Create customer_wave_permissions table
CREATE TABLE IF NOT EXISTS customer_wave_permQuery OK, 0 rows affected (0.01 sec)

mysql> 
mysql> -- Create property_features table
mysql> CREATE TABLE IF NOT EXISTS property_features (
    ->   id INT PRIMARY KEY AUTO_INCREMENT,
    ->   property_id VARCHAR(36) NOT NULL,
    ->   feature VARCHAR(100) NOT NULL,
    ->   created_at TIMESTAMP DEFAULT CURRENT_TIMESTAMP,
    ->   FOREIGN KEY (property_id) REFERENCES properties(id) ON DELETE CASCADE,
    ->   UNIQUE KEY unique_property_feature (property_id, feature)
    -> );
ULT CURRENT_TIMESTAMP ON UPDATE CURRENT_TIMESTAMP,
  FOREIGN KEY (user_id) REFERENCES users(iQuery OK, 0 rows affected (0.01 sec)

mysql> 
mysql> -- Create inquiries table
mysql> CREATE TABLE IF NOT EXISTS inquiries (
    ->   id VARCHAR(36) PRIMARY KEY,
    ->   property_id VARCHAR(36),
    ->   user_id VARCHAR(36),
    ->   name VARCHAR(200) NOT NULL,
    ->   email VARCHAR(320) NOT NULL,
    ->   phone VARCHAR(20),
    ->   message TEXT NOT NULL,
    ->   status VARCHAR(16) DEFAULT 'pending',
    ->   created_at TIMESTAMP DEFAULT CURRENT_TIMESTAMP,
    ->   FOREIGN KEY (property_id) REFERENCES properties(id),
    ->   FOREIGN KEY (user_id) REFERENCES users(id)
    -> );
Query OK, 0 rows affected (0.01 sec)

mysql> 
mysql> -- Create favorites table
mysql> CREATE TABLE IF NOT EXISTS favorites (
    ->   id VARCHAR(36) PRIMARY KEY,
    ->   user_id VARCHAR(36),
    ->   property_id VARCHAR(36),
    ->   created_at TIMESTAMP DEFAULT CURRENT_TIMESTAMP,
    ->   FOREIGN KEY (user_id) REFERENCES users(id) ON DELETE CASCADE,
    ->   FOREIGN KEY (property_id) REFERENCES properties(id) ON DELETE CASCADE,
    ->   UNIQUE KEY unique_user_property_favorite (user_id, property_id)
    -> );
Query OK, 0 rows affected (0.02 sec)

mysql> 
mysql> -- Create search_history table
mysql> CREATE TABLE IF NOT EXISTS search_history (
    ->   id VARCHAR(36) PRIMARY KEY,
    ->   user_id VARCHAR(36),
    ->   query TEXT NOT NULL,
    ->   results INT DEFAULT 0,
    ->   created_at TIMESTAMP DEFAULT CURRENT_TIMESTAMP,
    ->   FOREIGN KEY (user_id) REFERENCES users(id)
    -> );

Query OK, 0 rows affected (0.01 sec)

mysql> 
mysql> -- Create search_filters table
mysql> CREATE TABLE IF NOT EXISTS search_filters (
    ->   id INT PRIMARY KEY AUTO_INCREMENT,
    ->   search_id VARCHAR(36) NOT NULL,
    ->   filter_key VARCHAR(50) NOT NULL,
    ->   filter_value VARCHAR(200) NOT NULL,
    ->   created_at TIMESTAMP DEFAULT CURRENT_TIMESTAMP,
    ->   FOREIGN KEY (search_id) REFERENCES search_history(id) ON DELETE CASCADE
    -> );
Query OK, 0 rows affected (0.01 sec)

mysql> 
mysql> -- Create customer_activity table
mysql> CREATE TABLE IF NOT EXISTS customer_activity (
    ->   id VARCHAR(36) PRIMARY KEY,
    ->   user_id VARCHAR(36) NOT NULL,
    ->   activity_type VARCHAR(50) NOT NULL,
    ->   property_id VARCHAR(36),
    ->   points INT DEFAULT 0,
    ->   created_at TIMESTAMP DEFAULT CURRENT_TIMESTAMP,
    ->   FOREIGN KEY (user_id) REFERENCES users(id),
    ->   FOREIGN KEY (property_id) REFERENCES properties(id)
    -> );
Query OK, 0 rows affected (0.01 sec)

mysql> 
mysql> -- Create activity_metadata table
mysql> CREATE TABLE IF NOT EXISTS activity_metadata (
    ->   id INT PRIMARY KEY AUTO_INCREMENT,
    ->   activity_id VARCHAR(36) NOT NULL,
    ->   metadata_key VARCHAR(50) NOT NULL,
    ->   metadata_value TEXT,
    ->   created_at TIMESTAMP DEFAULT CURRENT_TIMESTAMP,
    ->   FOREIGN KEY (activity_id) REFERENCES customer_activity(id) ON DELETE CASCADE
    -> );
Query OK, 0 rows affected (0.01 sec)

mysql> 
mysql> -- Create customer_points table
mysql> CREATE TABLE IF NOT EXISTS customer_points (
    ->   id VARCHAR(36) PRIMARY KEY,
    ->   user_id VARCHAR(36) NOT NULL UNIQUE,
    ->   total_points INT DEFAULT 0,
    ->   current_level VARCHAR(20) DEFAULT 'Bronze',
    ->   points_this_month INT DEFAULT 0,
    ->   last_activity TIMESTAMP DEFAULT CURRENT_TIMESTAMP,
    ->   updated_at TIMESTAMP DEFAULT CURRENT_TIMESTAMP ON UPDATE CURRENT_TIMESTAMP,
    ->   FOREIGN KEY (user_id) REFERENCES users(id)
    -> );
Query OK, 0 rows affected (0.00 sec)

mysql> 
mysql> -- Create currency_rates table
mysql> CREATE TABLE IF NOT EXISTS currency_rates (
    ->   id VARCHAR(36) PRIMARY KEY,
    ->   from_currency VARCHAR(3) NOT NULL DEFAULT 'USD',
    ->   to_currency VARCHAR(3) NOT NULL,
    ->   rate DECIMAL(12, 6) NOT NULL,
    ->   is_active BOOLEAN DEFAULT TRUE,
    ->   set_by VARCHAR(36),
    ->   effective_date TIMESTAMP DEFAULT CURRENT_TIMESTAMP,
    ->   created_at TIMESTAMP DEFAULT CURRENT_TIMESTAMP,
    ->   updated_at TIMESTAMP DEFAULT CURRENT_TIMESTAMP ON UPDATE CURRENT_TIMESTAMP,
    ->   FOREIGN KEY (set_by) REFERENCES users(id)
    -> );
Query OK, 0 rows affected (0.01 sec)

mysql> 
mysql> -- Create client_locations table
mysql> CREATE TABLE IF NOT EXISTS client_locations (
    ->   id VARCHAR(36) PRIMARY KEY,
    ->   user_id VARCHAR(36),
    ->   latitude DECIMAL(10, 8) NOT NULL,
    ->   longitude DECIMAL(11, 8) NOT NULL,
    ->   accuracy INT,
    ->   source VARCHAR(32) DEFAULT 'map_button',
    ->   user_agent TEXT,
    ->   language VARCHAR(10),
    ->   permission_status VARCHAR(20),
    ->   city VARCHAR(100),
    ->   country VARCHAR(100),
    ->   created_at TIMESTAMP DEFAULT CURRENT_TIMESTAMP,
    ->   FOREIGN KEY (user_id) REFERENCES users(id)
    -> );
Query OK, 0 rows affected (0.02 sec)

mysql> 
mysql> -- Create customer_wave_permissions table
mysql> CREATE TABLE IF NOT EXISTS customer_wave_permissions (
    ->   id VARCHAR(36) PRIMARY KEY,
    ->   user_id VARCHAR(36) NOT NULL,
    ->   wave_id VARCHAR(36) NOT NULL,
    ->   max_properties INT NOT NULL DEFAULT 1,
    ->   used_properties INT DEFAULT 0,
    ->   granted_by VARCHAR(36),
    ->   created_at TIMESTAMP DEFAULT CURRENT_TIMESTAMP,
    ->   updated_at TIMESTAMP DEFAULT CURRENT_TIMESTAMP ON UPDATE CURRENT_TIMESTAMP,
    ->   FOREIGN KEY (user_id) REFERENCES users(id),
    ->   FOREIGN KEY (wave_id) REFERENCES waves(id),
    ->   FOREIGN KEY (granted_by) REFERENCES users(id)
    -> );
Query OK, 0 rows affected (0.01 sec)

mysql> exit
Bye
root@srv1027249:~/dailynewscrypto.net# ls
HOSTINGER_DEPLOYMENT_GUIDE.md  deploy.sh                       package-lock.json
README_DATABASE.md             dist                            package.json
VPS_IMAGE_FIX_GUIDE.md         drizzle.config.ts               postcss.config.js
admin_check.txt                ecosystem.config.cjs            replit.md
admin_cookies.txt              hostinger-nginx-fixed.conf      server
admin_cookies_new.txt          hostinger-nginx-http-only.conf  setup-mysql-tables.sql
attached_assets                hostinger-nginx.conf            shared
client                         import-to-mysql.sh              tailwind.config.ts
components.json                logs                            testuser_cookies.txt
cookies.txt                    mysql-security.cnf              tsconfig.json
database.sqlite                mysql_import.sql                vite.config.replit.ts
deploy-real-mapestate.sh       netlify.toml                    vite.config.ts
deploy-with-uploads-fix.sh     node_modules
root@srv1027249:~/dailynewscrypto.net# 