root@srv1027249:~/dailynewscrypto.net# npm install
npm run build
npm warn deprecated node-domexception@1.0.0: Use your platform's native DOMException instead
npm warn deprecated @esbuild-kit/esm-loader@2.6.5: Merged into tsx: https://tsx.is
npm warn deprecated @esbuild-kit/core-utils@3.3.2: Merged into tsx: https://tsx.is

added 573 packages, and audited 574 packages in 12s

83 packages are looking for funding
  run `npm fund` for details

7 vulnerabilities (1 low, 6 moderate)

To address issues that do not require attention, run:
  npm audit fix

To address all issues (including breaking changes), run:
  npm audit fix --force

Run `npm audit` for details.

> rest-express@1.0.0 build
> vite build && esbuild server/index.ts --platform=node --packages=external --bundle --format=esm --outdir=dist

vite v5.4.19 building for production...
✓ 2715 modules transformed.
../dist/public/index.html                                                   5.74 kB │ gzip:   1.91 kB
../dist/public/assets/logo_1757848527935-f97yEqP4.png                      34.60 kB
../dist/public/assets/UniQAIDAR_Asiacell 001_1758107005933-Cl-Cqdhv.ttf    57.23 kB
../dist/public/assets/UniQAIDAR_Asiacell 002_1758107005922-ClO-zV7t.ttf    57.24 kB
../dist/public/assets/US_flag_circular_design_55844ad0-B0cUOQ6G.png       506.88 kB
../dist/public/assets/Saudi_flag_circular_design_3c46c604-D1J1e9j5.png    518.22 kB
../dist/public/assets/Kurdish_flag_circular_design_55e28463-qI8fKU0i.png  529.54 kB
../dist/public/assets/index-CauQUjjo.css                                  139.55 kB │ gzip:  21.99 kB
../dist/public/assets/filter-DUeRjLrE.js                                    0.33 kB │ gzip:   0.26 kB
../dist/public/assets/arrow-left-C2siPfsk.js                                0.33 kB │ gzip:   0.26 kB
../dist/public/assets/search-BsJGyHHR.js                                    0.34 kB │ gzip:   0.27 kB
../dist/public/assets/user-DNIGUvXF.js                                      0.37 kB │ gzip:   0.28 kB
../dist/public/assets/dollar-sign-B8jwtCGc.js                               0.39 kB │ gzip:   0.30 kB
../dist/public/assets/heart-CWei_Qv8.js                                     0.41 kB │ gzip:   0.31 kB
../dist/public/assets/globe-DMIAM6-9.js                                     0.41 kB │ gzip:   0.29 kB
../dist/public/assets/circle-alert-C2E_BIZx.js                              0.42 kB │ gzip:   0.29 kB
../dist/public/assets/map-pin-DeYTmGRY.js                                   0.42 kB │ gzip:   0.32 kB
../dist/public/assets/calendar-owqF6zXJ.js                                  0.43 kB │ gzip:   0.30 kB
../dist/public/assets/chart-pie-BK-FZREe.js                                 0.44 kB │ gzip:   0.32 kB
../dist/public/assets/shield-DOFWq8Bg.js                                    0.44 kB │ gzip:   0.33 kB
../dist/public/assets/award-eg4QQl26.js                                     0.44 kB │ gzip:   0.33 kB
../dist/public/assets/lightbulb-_N6lelLc.js                                 0.46 kB │ gzip:   0.33 kB
../dist/public/assets/users-CXnroL93.js                                     0.47 kB │ gzip:   0.32 kB
../dist/public/assets/phone-B4xsjujA.js                                     0.56 kB │ gzip:   0.36 kB
../dist/public/assets/input-S5Asg7rc.js                                     0.58 kB │ gzip:   0.36 kB
../dist/public/assets/eye-off-DvbiSDj6.js                                   0.60 kB │ gzip:   0.38 kB
../dist/public/assets/not-found-Ngi20_qf.js                                 0.67 kB │ gzip:   0.38 kB
../dist/public/assets/separator-NSNbBxb9.js                                 0.67 kB │ gzip:   0.40 kB
../dist/public/assets/badge-D7ID_s7S.js                                     0.71 kB │ gzip:   0.37 kB
../dist/public/assets/dashboard-redirect-C_ep-bAf.js                        0.74 kB │ gzip:   0.43 kB
../dist/public/assets/square-C7gBJlBL.js                                    0.81 kB │ gzip:   0.33 kB
../dist/public/assets/key-rcFj5wGR.js                                       0.84 kB │ gzip:   0.42 kB
../dist/public/assets/label-Br6BfyY_.js                                     0.93 kB │ gzip:   0.60 kB
../dist/public/assets/bed-B-wdIkA0.js                                       0.94 kB │ gzip:   0.44 kB
../dist/public/assets/card-Bg9AC8Tz.js                                      0.99 kB │ gzip:   0.37 kB
../dist/public/assets/tag-B93ybMxS.js                                       1.41 kB │ gzip:   0.56 kB
../dist/public/assets/optimized-image-1NSOVQEM.js                           2.21 kB │ gzip:   1.15 kB
../dist/public/assets/avatar-DwgyomBS.js                                    2.46 kB │ gzip:   1.18 kB
../dist/public/assets/use-properties-3hC5g9pD.js                            2.67 kB │ gzip:   0.92 kB
../dist/public/assets/favorites-BuVUDvWi.js                                 3.37 kB │ gzip:   1.37 kB
../dist/public/assets/index-Cn7AHzU6.js                                     3.38 kB │ gzip:   1.54 kB
../dist/public/assets/location-selection-map-CTKtXFHl.js                    3.76 kB │ gzip:   1.76 kB
../dist/public/assets/admin-login-CiUYCOui.js                               4.88 kB │ gzip:   1.83 kB
../dist/public/assets/usePropertyEvents-ClEhTHn9.js                         5.73 kB │ gzip:   1.83 kB
../dist/public/assets/property-card-BmOjRjpK.js                             7.24 kB │ gzip:   2.74 kB
../dist/public/assets/about-DEh-JJ94.js                                     8.50 kB │ gzip:   2.01 kB
../dist/public/assets/dialog-D0fFiSbR.js                                   11.29 kB │ gzip:   3.94 kB
../dist/public/assets/settings-DEQ821i5.js                                 13.22 kB │ gzip:   3.71 kB
../dist/public/assets/meta-enhancement-Bs5-K6hm.js                         14.36 kB │ gzip:   5.74 kB
../dist/public/assets/typography-showcase-BK_AcxWz.js                      14.36 kB │ gzip:   2.85 kB
../dist/public/assets/properties-CvHfyigZ.js                               14.69 kB │ gzip:   4.01 kB
../dist/public/assets/Combination-BGI-_X3d.js                              16.93 kB │ gzip:   6.47 kB
../dist/public/assets/SEOHead-DedYGHxp.js                                  19.84 kB │ gzip:   7.20 kB
../dist/public/assets/home-DgMn18eD.js                                     19.99 kB │ gzip:   5.47 kB
../dist/public/assets/dropdown-menu-BeuN5C3h.js                            21.24 kB │ gzip:   6.26 kB
../dist/public/assets/select-CXPE64av.js                                   21.80 kB │ gzip:   7.61 kB
../dist/public/assets/property-detail-B0BVPfNk.js                          32.55 kB │ gzip:   9.58 kB
../dist/public/assets/property-map-CcMoxrPd.js                             47.15 kB │ gzip:  12.46 kB
../dist/public/assets/index-ZbPLrT-S.js                                    88.91 kB │ gzip:  24.81 kB
../dist/public/assets/admin-dashboard-Dz8DPIbM.js                          90.94 kB │ gzip:  20.22 kB
../dist/public/assets/customer-dashboard-C6y0X9tx.js                       97.55 kB │ gzip:  23.74 kB
../dist/public/assets/client-location-tracking-BpJlU9DI.js                195.56 kB │ gzip:  66.42 kB
../dist/public/assets/index-Dy_v0voL.js                                   317.70 kB │ gzip: 105.91 kB
../dist/public/assets/PieChart-DUFtsKZa.js                                442.42 kB │ gzip: 119.36 kB
✓ built in 12.16s
✘ [ERROR] Expected identifier but found "<<"

    server/config/dbConfig.ts:15:0:
      15 │ <<<<<<< HEAD
         ╵ ~~

1 error
root@srv1027249:~/dailynewscrypto.net# -- Create user with strong password
CREATE USER 'mapestate'@'localhost' IDENTIFIED BY 'MapEstate2025!@#';
GRANT ALL PRIVILEGES ON mapestate.* TO 'mapestate'@'localhost';

-- For remote access (if needed)
CREATE USER 'mapestate'@'%' IDENTIFIED BY 'MapEstate2025!@#';
GRANT ALL PRIVILEGES ON mapestate.* TO 'mapestate'@'%';

FLUSH PRIVILEGES;
EXIT;
--: command not found
CREATE: command not found
GRANT: command not found
-bash: syntax error near unexpected token `('
CREATE: command not found
GRANT: command not found
FLUSH: command not found
EXIT: command not found
root@srv1027249:~/dailynewscrypto.net# sudo mysql -u root
mysql: [ERROR] Found option without preceding group in config file /etc/mysql/mysql.conf.d/security.cnf at line 1.
mysql: [ERROR] Stopped processing the 'includedir' directive in file /etc/mysql/my.cnf at line 21.
Welcome to the MySQL monitor.  Commands end with ; or \g.
Your MySQL connection id is 8
Server version: 8.0.43-0ubuntu0.24.04.2 (Ubuntu)

Copyright (c) 2000, 2025, Oracle and/or its affiliates.

Oracle is a registered trademark of Oracle Corporation and/or its
affiliates. Other names may be trademarks of their respective
owners.

Type 'help;' or '\h' for help. Type '\c' to clear the current input statement.

mysql> -- Create user with strong password
mysql> CREATE USER 'mapestate'@'localhost' IDENTIFIED BY 'MapEstate2025!@#';
Query OK, 0 rows affected (0.01 sec)

mysql> GRANT ALL PRIVILEGES ON mapestate.* TO 'mapestate'@'localhost';
Query OK, 0 rows affected (0.00 sec)

mysql> 
mysql> -- For remote access (if needed)
mysql> CREATE USER 'mapestate'@'%' IDENTIFIED BY 'MapEstate2025!@#';
ERROR 1396 (HY000): Operation CREATE USER failed for 'mapestate'@'%'
mysql> GRANT ALL PRIVILEGES ON mapestate.* TO 'mapestate'@'%';
Query OK, 0 rows affected (0.00 sec)

mysql> 
mysql> FLUSH PRIVILEGES;
Query OK, 0 rows affected (0.00 sec)

mysql> EXIT;
Bye
root@srv1027249:~/dailynewscrypto.net# nano ~/.env
root@srv1027249:~/dailynewscrypto.net# npm run db:push

> rest-express@1.0.0 db:push
> drizzle-kit push

No config path provided, using default 'drizzle.config.ts'
Reading config file '/root/dailynewscrypto.net/drizzle.config.ts'
DATABASE_URL, ensure the database is provisioned
root@srv1027249:~/dailynewscrypto.net# pm2 start ecosystem.config.js --env production
pm2 save
pm2 startup
[PM2][ERROR] File ecosystem.config.js malformated
ReferenceError: module is not defined in ES module scope
This file is being treated as an ES module because it has a '.js' file extension and '/root/dailynewscrypto.net/package.json' contains "type": "module". To treat it as a CommonJS script, rename it to use the '.cjs' file extension.
    at file:///root/dailynewscrypto.net/ecosystem.config.js:1:1
    at ModuleJobSync.runSync (node:internal/modules/esm/module_job:437:37)
    at ModuleLoader.importSyncForRequire (node:internal/modules/esm/loader:389:47)
    at loadESMFromCJS (node:internal/modules/cjs/loader:1363:24)
    at Module._compile (node:internal/modules/cjs/loader:1503:5)
    at Module._extensions..js (node:internal/modules/cjs/loader:1623:10)
    at Module.load (node:internal/modules/cjs/loader:1266:32)
    at Module._load (node:internal/modules/cjs/loader:1091:12)
    at Module.require (node:internal/modules/cjs/loader:1289:19)
    at require (node:internal/modules/helpers:182:18)
[PM2] Saving current process list...
[PM2][WARN] PM2 is not managing any process, skipping save...
[PM2][WARN] To force saving use: pm2 save --force
[PM2] Init System found: systemd
Platform systemd
Template
[Unit]
Description=PM2 process manager
Documentation=https://pm2.keymetrics.io/
After=network.target

[Service]
Type=forking
User=root
LimitNOFILE=infinity
LimitNPROC=infinity
LimitCORE=infinity
Environment=PATH=/usr/local/sbin:/usr/local/bin:/usr/sbin:/usr/bin:/sbin:/bin:/usr/games:/usr/local/games:/snap/bin:/bin:/usr/local/sbin:/usr/local/bin:/usr/sbin:/usr/bin
Environment=PM2_HOME=/root/.pm2
PIDFile=/root/.pm2/pm2.pid
Restart=on-failure

ExecStart=/usr/lib/node_modules/pm2/bin/pm2 resurrect
ExecReload=/usr/lib/node_modules/pm2/bin/pm2 reload all
ExecStop=/usr/lib/node_modules/pm2/bin/pm2 kill

[Install]
WantedBy=multi-user.target

Target path
/etc/systemd/system/pm2-root.service
Command list
[ 'systemctl enable pm2-root' ]
[PM2] Writing init configuration in /etc/systemd/system/pm2-root.service
[PM2] Making script booting at startup...
[PM2] [-] Executing: systemctl enable pm2-root...
Created symlink /etc/systemd/system/multi-user.target.wants/pm2-root.service → /etc/systemd/system/pm2-root.service.
[PM2] [v] Command successfully executed.
+---------------------------------------+
[PM2] Freeze a process list on reboot via:
$ pm2 save

[PM2] Remove init script via:
$ pm2 unstartup systemd
root@srv1027249:~/dailynewscrypto.net# pm2 status
pm2 logs mapestate-api
┌────┬───────────┬─────────────┬─────────┬─────────┬──────────┬────────┬──────┬───────────┬──────────┬──────────┬──────────┬──────────┐
│ id │ name      │ namespace   │ version │ mode    │ pid      │ uptime │ ↺    │ status    │ cpu      │ mem      │ user     │ watching │
└────┴───────────┴─────────────┴─────────┴─────────┴──────────┴────────┴──────┴───────────┴──────────┴──────────┴──────────┴──────────┘
[TAILING] Tailing last 15 lines for [mapestate-api] process (change the value with --lines option)
^C
root@srv1027249:~/dailynewscrypto.net# ls
HOSTINGER_DEPLOYMENT_GUIDE.md  components.json             ecosystem.config.js             node_modules            tailwind.config.ts
README_DATABASE.md             cookies.txt                 hostinger-nginx-fixed.conf      package-lock.json       testuser_cookies.txt
VPS_IMAGE_FIX_GUIDE.md         database.sqlite             hostinger-nginx-http-only.conf  package.json            tsconfig.json
admin_check.txt                deploy-real-mapestate.sh    hostinger-nginx.conf            postcss.config.js       vite.config.replit.ts
admin_cookies.txt              deploy-with-uploads-fix.sh  import-to-mysql.sh              replit.md               vite.config.ts
admin_cookies_new.txt          deploy.sh                   mysql-security.cnf              server
attached_assets                dist                        mysql_import.sql                setup-mysql-tables.sql
client                         drizzle.config.ts           netlify.toml                    shared
root@srv1027249:~/dailynewscrypto.net# cd ~/dailynewscrypto.net
mv ecosystem.config.js ecosystem.config.cjs
root@srv1027249:~/dailynewscrypto.net# cd ~/dailynewscrypto.net

# Import the database structure
sudo mysql -u root mapestate < mysql_import.sql

# Verify tables were created
sudo mysql -u root -e "SHOW TABLES;" mapestate
mysql: [ERROR] Found option without preceding group in config file /etc/mysql/mysql.conf.d/security.cnf at line 1.
mysql: [ERROR] Stopped processing the 'includedir' directive in file /etc/mysql/my.cnf at line 21.
mysql: [ERROR] Found option without preceding group in config file /etc/mysql/mysql.conf.d/security.cnf at line 1.
mysql: [ERROR] Stopped processing the 'includedir' directive in file /etc/mysql/my.cnf at line 21.
+---------------------------+
| Tables_in_mapestate       |
+---------------------------+
| activity_metadata         |
| client_locations          |
| currency_rates            |
| customer_activity         |
| customer_points           |
| customer_wave_permissions |
| favorites                 |
| inquiries                 |
| properties                |
| property_amenities        |
| property_features         |
| property_images           |
| search_filters            |
| search_history            |
| user_languages            |
| users                     |
| waves                     |
+---------------------------+
root@srv1027249:~/dailynewscrypto.net# cd ~/dailynewscrypto.net

# Create .env file in project directory
cat > .env << 'EOF'
NODE_ENV=production
PORT=3000

# Database Configuration
MYSQL_HOST=localhost
MYSQL_PORT=3306
MYSQL_USER=mapestate
MYSQL_PASSWORD=MapEstate2025!@#
MYSQL_DATABASE=mapestate

# Domain
DOMAIN=dailynewscrypto.net
FRONTEND_URL=https://dailynewscrypto.net

# Security (generate your own random strings)
SESSION_SECRET=$(openssl rand -base64 32)
JWT_SECRET=$(openssl rand -base64 32)
EOF

# Make sure .env is readable
chmod 600 .env
root@srv1027249:~/dailynewscrypto.net# cd ~/dailynewscrypto.net
npm run build

> rest-express@1.0.0 build
> vite build && esbuild server/index.ts --platform=node --packages=external --bundle --format=esm --outdir=dist

vite v5.4.19 building for production...
✓ 2715 modules transformed.
../dist/public/index.html                                                   5.74 kB │ gzip:   1.91 kB
../dist/public/assets/logo_1757848527935-f97yEqP4.png                      34.60 kB
../dist/public/assets/UniQAIDAR_Asiacell 001_1758107005933-Cl-Cqdhv.ttf    57.23 kB
../dist/public/assets/UniQAIDAR_Asiacell 002_1758107005922-ClO-zV7t.ttf    57.24 kB
../dist/public/assets/US_flag_circular_design_55844ad0-B0cUOQ6G.png       506.88 kB
../dist/public/assets/Saudi_flag_circular_design_3c46c604-D1J1e9j5.png    518.22 kB
../dist/public/assets/Kurdish_flag_circular_design_55e28463-qI8fKU0i.png  529.54 kB
../dist/public/assets/index-CauQUjjo.css                                  139.55 kB │ gzip:  21.99 kB
../dist/public/assets/filter-DUeRjLrE.js                                    0.33 kB │ gzip:   0.26 kB
../dist/public/assets/arrow-left-C2siPfsk.js                                0.33 kB │ gzip:   0.26 kB
../dist/public/assets/search-BsJGyHHR.js                                    0.34 kB │ gzip:   0.27 kB
../dist/public/assets/user-DNIGUvXF.js                                      0.37 kB │ gzip:   0.28 kB
../dist/public/assets/dollar-sign-B8jwtCGc.js                               0.39 kB │ gzip:   0.30 kB
../dist/public/assets/heart-CWei_Qv8.js                                     0.41 kB │ gzip:   0.31 kB
../dist/public/assets/globe-DMIAM6-9.js                                     0.41 kB │ gzip:   0.29 kB
../dist/public/assets/circle-alert-C2E_BIZx.js                              0.42 kB │ gzip:   0.29 kB
../dist/public/assets/map-pin-DeYTmGRY.js                                   0.42 kB │ gzip:   0.32 kB
../dist/public/assets/calendar-owqF6zXJ.js                                  0.43 kB │ gzip:   0.30 kB
../dist/public/assets/chart-pie-BK-FZREe.js                                 0.44 kB │ gzip:   0.32 kB
../dist/public/assets/shield-DOFWq8Bg.js                                    0.44 kB │ gzip:   0.33 kB
../dist/public/assets/award-eg4QQl26.js                                     0.44 kB │ gzip:   0.33 kB
../dist/public/assets/lightbulb-_N6lelLc.js                                 0.46 kB │ gzip:   0.33 kB
../dist/public/assets/users-CXnroL93.js                                     0.47 kB │ gzip:   0.32 kB
../dist/public/assets/phone-B4xsjujA.js                                     0.56 kB │ gzip:   0.36 kB
../dist/public/assets/input-S5Asg7rc.js                                     0.58 kB │ gzip:   0.36 kB
../dist/public/assets/eye-off-DvbiSDj6.js                                   0.60 kB │ gzip:   0.38 kB
../dist/public/assets/not-found-Ngi20_qf.js                                 0.67 kB │ gzip:   0.38 kB
../dist/public/assets/separator-NSNbBxb9.js                                 0.67 kB │ gzip:   0.40 kB
../dist/public/assets/badge-D7ID_s7S.js                                     0.71 kB │ gzip:   0.37 kB
../dist/public/assets/dashboard-redirect-C_ep-bAf.js                        0.74 kB │ gzip:   0.43 kB
../dist/public/assets/square-C7gBJlBL.js                                    0.81 kB │ gzip:   0.33 kB
../dist/public/assets/key-rcFj5wGR.js                                       0.84 kB │ gzip:   0.42 kB
../dist/public/assets/label-Br6BfyY_.js                                     0.93 kB │ gzip:   0.60 kB
../dist/public/assets/bed-B-wdIkA0.js                                       0.94 kB │ gzip:   0.44 kB
../dist/public/assets/card-Bg9AC8Tz.js                                      0.99 kB │ gzip:   0.37 kB
../dist/public/assets/tag-B93ybMxS.js                                       1.41 kB │ gzip:   0.56 kB
../dist/public/assets/optimized-image-1NSOVQEM.js                           2.21 kB │ gzip:   1.15 kB
../dist/public/assets/avatar-DwgyomBS.js                                    2.46 kB │ gzip:   1.18 kB
../dist/public/assets/use-properties-3hC5g9pD.js                            2.67 kB │ gzip:   0.92 kB
../dist/public/assets/favorites-BuVUDvWi.js                                 3.37 kB │ gzip:   1.37 kB
../dist/public/assets/index-Cn7AHzU6.js                                     3.38 kB │ gzip:   1.54 kB
../dist/public/assets/location-selection-map-CTKtXFHl.js                    3.76 kB │ gzip:   1.76 kB
../dist/public/assets/admin-login-CiUYCOui.js                               4.88 kB │ gzip:   1.83 kB
../dist/public/assets/usePropertyEvents-ClEhTHn9.js                         5.73 kB │ gzip:   1.83 kB
../dist/public/assets/property-card-BmOjRjpK.js                             7.24 kB │ gzip:   2.74 kB
../dist/public/assets/about-DEh-JJ94.js                                     8.50 kB │ gzip:   2.01 kB
../dist/public/assets/dialog-D0fFiSbR.js                                   11.29 kB │ gzip:   3.94 kB
../dist/public/assets/settings-DEQ821i5.js                                 13.22 kB │ gzip:   3.71 kB
../dist/public/assets/meta-enhancement-Bs5-K6hm.js                         14.36 kB │ gzip:   5.74 kB
../dist/public/assets/typography-showcase-BK_AcxWz.js                      14.36 kB │ gzip:   2.85 kB
../dist/public/assets/properties-CvHfyigZ.js                               14.69 kB │ gzip:   4.01 kB
../dist/public/assets/Combination-BGI-_X3d.js                              16.93 kB │ gzip:   6.47 kB
../dist/public/assets/SEOHead-DedYGHxp.js                                  19.84 kB │ gzip:   7.20 kB
../dist/public/assets/home-DgMn18eD.js                                     19.99 kB │ gzip:   5.47 kB
../dist/public/assets/dropdown-menu-BeuN5C3h.js                            21.24 kB │ gzip:   6.26 kB
../dist/public/assets/select-CXPE64av.js                                   21.80 kB │ gzip:   7.61 kB
../dist/public/assets/property-detail-B0BVPfNk.js                          32.55 kB │ gzip:   9.58 kB
../dist/public/assets/property-map-CcMoxrPd.js                             47.15 kB │ gzip:  12.46 kB
../dist/public/assets/index-ZbPLrT-S.js                                    88.91 kB │ gzip:  24.81 kB
../dist/public/assets/admin-dashboard-Dz8DPIbM.js                          90.94 kB │ gzip:  20.22 kB
../dist/public/assets/customer-dashboard-C6y0X9tx.js                       97.55 kB │ gzip:  23.74 kB
../dist/public/assets/client-location-tracking-BpJlU9DI.js                195.56 kB │ gzip:  66.42 kB
../dist/public/assets/index-Dy_v0voL.js                                   317.70 kB │ gzip: 105.91 kB
../dist/public/assets/PieChart-DUFtsKZa.js                                442.42 kB │ gzip: 119.36 kB
✓ built in 12.06s
✘ [ERROR] Expected identifier but found "<<"

    server/config/dbConfig.ts:15:0:
      15 │ <<<<<<< HEAD
         ╵ ~~

1 error
root@srv1027249:~/dailynewscrypto.net# cd ~/dailynewscrypto.net

# Create logs directory
mkdir -p logs

# Start the application
pm2 start ecosystem.config.cjs --env production

# Save PM2 configuration
pm2 save

# Check status
pm2 status

# View logs
pm2 logs mapestate-api --lines 50
[PM2][WARN] Applications mapestate-api not running, starting...
[PM2][ERROR] Error: Script not found: /root/dailynewscrypto.net/dist/index.js
[PM2] Saving current process list...
[PM2][WARN] PM2 is not managing any process, skipping save...
[PM2][WARN] To force saving use: pm2 save --force
┌────┬───────────┬─────────────┬─────────┬─────────┬──────────┬────────┬──────┬───────────┬──────────┬──────────┬──────────┬──────────┐
│ id │ name      │ namespace   │ version │ mode    │ pid      │ uptime │ ↺    │ status    │ cpu      │ mem      │ user     │ watching │
└────┴───────────┴─────────────┴─────────┴─────────┴──────────┴────────┴──────┴───────────┴──────────┴──────────┴──────────┴──────────┘
[TAILING] Tailing last 50 lines for [mapestate-api] process (change the value with --lines option)
^X^C
root@srv1027249:~/dailynewscrypto.net# # Check if database has tables
sudo mysql -u mapestate -p'MapEstate2025!@#' -e "SHOW TABLES;" mapestate
mysql: [ERROR] Found option without preceding group in config file /etc/mysql/mysql.conf.d/security.cnf at line 1.
mysql: [ERROR] Stopped processing the 'includedir' directive in file /etc/mysql/my.cnf at line 21.
mysql: [Warning] Using a password on the command line interface can be insecure.
+---------------------------+
| Tables_in_mapestate       |
+---------------------------+
| activity_metadata         |
| client_locations          |
| currency_rates            |
| customer_activity         |
| customer_points           |
| customer_wave_permissions |
| favorites                 |
| inquiries                 |
| properties                |
| property_amenities        |
| property_features         |
| property_images           |
| search_filters            |
| search_history            |
| user_languages            |
| users                     |
| waves                     |
+---------------------------+
root@srv1027249:~/dailynewscrypto.net# 